ajout_rot_kit.pl
avisret_kit.pl
bordereau_edition2_kit.pl 
bordereau_edition3_kit.pl 
bordereau_edition_kit.pl
ca_achat.pl
calendrier.pl
choixdevise_kit.pl
coffre_kit.pl
commande_client_kit.pl
commande_kit.pl
commande_kit.pl
commande_web_kit.pl
commentaire_kit.pl
commission.pl
compta_chargement_kit.pl
concours_guerlain.pl
concours.pl
dcg_douane.pl
dcgdouane.pl
dcg.pl
debug_appro.pl
devise_kit.pl
ecart_commission_kit.pl
ecart_inv_kit.pl
edite_appro.pl
equipage.pl
facture.pl
faq.pl
fiche_adresse_liv_kit.pl
fiche_client.pl
fiche_client.pl
fiche_famille_kit.pl
fiche_four_kit.pl
fiche_hotesse.pl
fiche_ordre_kit.pl
fiche_passager_kit.pl
fiche_produit_kit.pl
fiche_pubmag_kit.pl
fichier_poursk20.pl
gestrolley_kit.pl
histo_entree_kit.pl
import_oasix_kit.pl
import_oasix_kit.pl
import_releve_kit.pl
import_vente_kit.pl
info_ret_kit.pl
inventaire_jour_kit.pl
inventaire_mois_kit.pl
list_compta2.pl
liste_enlair_kit.pl
liste_non_sai_kit.pl
listing_prix.pl
listing_prod.pl
livraison.pl
lot_kit.pl
mag_kit.pl
modifdest_kit.pl
mouvement_produit_kit.pl
oasix_tpe_kit.pl
pastouche_kit.pl
planningfly_kit.pl
preparation.pl
recap_date_kit.pl
recap_ecart_commission_kit.pl
recap_justif2.pl
recap_justif3.pl
recap.pl
reg_vente2.pl
remise_banque_devkit.pl
remise_banque_kit.pl
saiappautom.pl
saiappauto.pl
saiapp_kit.pl
saicaisse.pl
saisie_ecart_kit.pl
saisie.pl
situation_kit.pl
sk20xml2_kit.pl
stat_bon_pie2.pl
stat_bon_pie.pl
stat_entree_kit.pl
statistique_kit.pl
statvente_AAAA.pl
statvente_AA_kit.pl
stim.pl
stock_alerte_kit.pl
stock_alerte_kit.pl
suivi_encaissement_v1_kit.pl
suivi_four_kit.pl
suivi_remisecb_kit.pl
supvol_kit.pl
trace_ecart_kit.pl
traceur_kit.pl
tri_ordre_kit.pl
valeur_stockcomptable.pl
verif_prix_kit.pl
verif_tpe_kit.pl
vte_produit_kit.pl
